// Jest Snapshot v1, https://goo.gl/fbAQLP

exports[`Event Details Component should render correctly 1`] = `
Array [
  <button
    className="sc-kpOJdX gGjbXx"
    onClick={[MockFunction]}
  />,
  <div
    className="sc-dxgOiQ ePLTYJ"
  >
    <div
      className="css-1smlpex"
    >
      <div
        className="css-18xo8fn"
      />
      <div
        className="css-gfx32u"
      />
      <div
        className="css-clle6u"
      />
      <div
        className="css-146uy45"
      />
      <div
        className="css-raj17w"
      />
      <div
        className="css-raicj8"
      />
    </div>
  </div>,
]
`;
